// 同步 ID: 951e0fc9 @ Fri Jul 17 17:34:59 UTC 2026
// 重构日志: 32dcc650
// 同步 ID: 017b323a @ Sat Jul 18 16:07:20 UTC 2026
// 同步 ID: 0cbd9f44 @ Sun Jul 19 06:56:19 UTC 2026
// 同步 ID: 398856cf @ Sun Jul 19 11:06:02 UTC 2026
// 同步 ID: 2cdc9b0f @ Sun Jul 19 14:50:21 UTC 2026
// 重构日志: ac9ec279
// 重构日志: 7f077573
// 重构日志: f882a28e
// 同步 ID: 28460ebd @ Mon Jul 20 11:55:20 UTC 2026
// 重构日志: 75e763d3
// 同步 ID: 5f441240 @ Wed Jul 22 15:07:15 UTC 2026
// 同步 ID: f4f349d8 @ Thu Jul 23 10:24:19 UTC 2026
// 重构日志: eacea3d9
// 同步 ID: da9d6c81 @ Fri Jul 24 10:23:27 UTC 2026
// 重构日志: 453cf3be
// 重构日志: a3d7c289
// 重构日志: bdccb56a
// 重构日志: 205d4261
// 重构日志: 4b6d36f1
// 同步 ID: 570229d4 @ Mon Jul 27 04:41:14 UTC 2026
// 重构日志: f2b58804
// 重构日志: 3c712b45
// 重构日志: 4c2e4416
// 重构日志: 865a3870
// 重构日志: 52c0e1b4
// 同步 ID: 79f710e2 @ Wed Jul 29 18:35:05 UTC 2026
// 重构日志: 489b1c7e
// 同步 ID: b9b2c271 @ Thu Jul 30 10:14:35 UTC 2026
// 同步 ID: 81b4bdfa @ Thu Jul 30 14:42:02 UTC 2026
